loading at :  20140526 13:30:12
loading at :  20140526 13:31:14
