loading at :  20140521 17:00:14
loading at :  20140521 17:01:15
loading at :  20140521 17:02:15
loading at :  20140521 18:02:50
loading at :  20140521 18:03:51
loading at :  20140521 18:27:29
loading at :  20140521 18:28:31
loading at :  20140521 18:29:31
loading at :  20140521 18:30:31
loading at :  20140521 18:31:32
loading at :  20140521 18:32:32
loading at :  20140521 18:33:33
loading at :  20140521 18:34:34
loading at :  20140521 18:35:34
loading at :  20140521 18:36:34
loading at :  20140521 18:37:34
loading at :  20140521 18:38:35
loading at :  20140521 18:39:35
loading at :  20140526 11:36:25
loading at :  20140526 11:37:26
loading at :  20140526 12:08:41
loading at :  20140526 12:09:43
loading at :  20140526 12:10:43
loading at :  20140526 12:11:44
loading at :  20140526 12:12:44
