sftp://etluser:etl#321@10.1.188.130/etl/etldata/DATA/output/crm
