loading at :  20140604 14:09:55
loading at :  20140604 14:10:56
loading at :  20140604 14:11:57
loading at :  20140604 14:12:57
loading at :  20140604 14:13:57
